// Jest Snapshot v1, https://goo.gl/fbAQLP

exports[`test the LayerList component should allow for custom className 1`] = `"<ul class=\\"sdk-layer-list foo\\"><li class=\\"sdk-layer\\"><span class=\\"sdk-checkbox\\"><input type=\\"checkbox\\"></span><span class=\\"sdk-name\\">custom-layer-title</span></li><li class=\\"sdk-layer\\"><span class=\\"sdk-checkbox\\"><input type=\\"checkbox\\"></span><span class=\\"sdk-name\\">null-test</span></li><li class=\\"sdk-layer\\"><span class=\\"sdk-checkbox\\"><input type=\\"checkbox\\"></span><span class=\\"sdk-name\\">image-test</span></li><li class=\\"sdk-layer\\"><span class=\\"sdk-checkbox\\"><input type=\\"checkbox\\"></span><span class=\\"sdk-name\\">href-test</span></li><li class=\\"sdk-layer\\"><span class=\\"sdk-checkbox\\"><input type=\\"checkbox\\"></span><span class=\\"sdk-name\\">html-test</span></li><li class=\\"sdk-layer\\"><span class=\\"sdk-checkbox\\"><input type=\\"checkbox\\"></span><span class=\\"sdk-name\\">wms-test</span></li><li class=\\"sdk-layer\\"><span class=\\"sdk-checkbox\\"><input type=\\"checkbox\\"></span><span class=\\"sdk-name\\">osm</span></li></ul>"`;

exports[`test the LayerList component should handle a custom list and listgroup class 1`] = `"<ol><li class=\\"sdk-layer\\"><span class=\\"sdk-checkbox\\"><input type=\\"checkbox\\"></span><span class=\\"sdk-name\\">custom-layer-title</span></li><li class=\\"sdk-layer\\"><span class=\\"sdk-checkbox\\"><input type=\\"checkbox\\"></span><span class=\\"sdk-name\\">null-test</span></li><li class=\\"sdk-layer\\"><span class=\\"sdk-checkbox\\"><input type=\\"checkbox\\"></span><span class=\\"sdk-name\\">image-test</span></li><li class=\\"sdk-layer\\"><span class=\\"sdk-checkbox\\"><input type=\\"checkbox\\"></span><span class=\\"sdk-name\\">href-test</span></li><li><b>Overlays</b><ol><li class=\\"sdk-layer\\"><span class=\\"sdk-checkbox\\"><input type=\\"checkbox\\"></span><span class=\\"sdk-name\\">html-test</span></li><li class=\\"sdk-layer\\"><span class=\\"sdk-checkbox\\"><input type=\\"checkbox\\"></span><span class=\\"sdk-name\\">wms-test</span></li></ol></li><li>Base Maps<ol><li class=\\"sdk-layer\\"><span class=\\"sdk-checkbox\\"><input type=\\"checkbox\\"></span><span class=\\"sdk-name\\">osm</span></li></ol></li></ol>"`;

exports[`test the LayerList component should handle a custom list class 1`] = `"<ol><li class=\\"sdk-layer\\"><span class=\\"sdk-checkbox\\"><input type=\\"checkbox\\"></span><span class=\\"sdk-name\\">custom-layer-title</span></li><li class=\\"sdk-layer\\"><span class=\\"sdk-checkbox\\"><input type=\\"checkbox\\"></span><span class=\\"sdk-name\\">null-test</span></li><li class=\\"sdk-layer\\"><span class=\\"sdk-checkbox\\"><input type=\\"checkbox\\"></span><span class=\\"sdk-name\\">image-test</span></li><li class=\\"sdk-layer\\"><span class=\\"sdk-checkbox\\"><input type=\\"checkbox\\"></span><span class=\\"sdk-name\\">href-test</span></li><li class=\\"sdk-layer\\"><span class=\\"sdk-checkbox\\"><input type=\\"checkbox\\"></span><span class=\\"sdk-name\\">html-test</span></li><li class=\\"sdk-layer\\"><span class=\\"sdk-checkbox\\"><input type=\\"checkbox\\"></span><span class=\\"sdk-name\\">wms-test</span></li><li class=\\"sdk-layer\\"><span class=\\"sdk-checkbox\\"><input type=\\"checkbox\\"></span><span class=\\"sdk-name\\">osm</span></li></ol>"`;

exports[`test the LayerList component should handle basic grouping 1`] = `"<ul class=\\"sdk-layer-list\\"><li class=\\"sdk-layer\\"><span class=\\"sdk-checkbox\\"><input type=\\"checkbox\\"></span><span class=\\"sdk-name\\">custom-layer-title</span></li><li class=\\"sdk-layer\\"><span class=\\"sdk-checkbox\\"><input type=\\"checkbox\\"></span><span class=\\"sdk-name\\">null-test</span></li><li class=\\"sdk-layer\\"><span class=\\"sdk-checkbox\\"><input type=\\"checkbox\\"></span><span class=\\"sdk-name\\">image-test</span></li><li class=\\"sdk-layer\\"><span class=\\"sdk-checkbox\\"><input type=\\"checkbox\\"></span><span class=\\"sdk-name\\">href-test</span></li><li>Overlays<ul><li class=\\"sdk-layer\\"><span class=\\"sdk-checkbox\\"><input type=\\"checkbox\\"></span><span class=\\"sdk-name\\">html-test</span></li><li class=\\"sdk-layer\\"><span class=\\"sdk-checkbox\\"><input type=\\"checkbox\\"></span><span class=\\"sdk-name\\">wms-test</span></li></ul></li><li>Base Maps<ul><li class=\\"sdk-layer\\"><span class=\\"sdk-checkbox\\"><input type=\\"checkbox\\"></span><span class=\\"sdk-name\\">osm</span></li></ul></li></ul>"`;

exports[`test the LayerList component should handle hiding layers 1`] = `"<ul class=\\"sdk-layer-list\\"><li class=\\"sdk-layer\\"><span class=\\"sdk-checkbox\\"><input type=\\"checkbox\\"></span><span class=\\"sdk-name\\">custom-layer-title</span></li><li class=\\"sdk-layer\\"><span class=\\"sdk-checkbox\\"><input type=\\"checkbox\\"></span><span class=\\"sdk-name\\">null-test</span></li><li class=\\"sdk-layer\\"><span class=\\"sdk-checkbox\\"><input type=\\"checkbox\\"></span><span class=\\"sdk-name\\">image-test</span></li><li class=\\"sdk-layer\\"><span class=\\"sdk-checkbox\\"><input type=\\"checkbox\\"></span><span class=\\"sdk-name\\">href-test</span></li><li class=\\"sdk-layer\\"><span class=\\"sdk-checkbox\\"><input type=\\"checkbox\\"></span><span class=\\"sdk-name\\">html-test</span></li><li class=\\"sdk-layer\\"><span class=\\"sdk-checkbox\\"><input type=\\"checkbox\\"></span><span class=\\"sdk-name\\">wms-test</span></li></ul>"`;

exports[`test the LayerList component should handle hiding layers in a group 1`] = `"<ul class=\\"sdk-layer-list\\"><li class=\\"sdk-layer\\"><span class=\\"sdk-checkbox\\"><input type=\\"checkbox\\"></span><span class=\\"sdk-name\\">custom-layer-title</span></li><li class=\\"sdk-layer\\"><span class=\\"sdk-checkbox\\"><input type=\\"checkbox\\"></span><span class=\\"sdk-name\\">null-test</span></li><li class=\\"sdk-layer\\"><span class=\\"sdk-checkbox\\"><input type=\\"checkbox\\"></span><span class=\\"sdk-name\\">image-test</span></li><li class=\\"sdk-layer\\"><span class=\\"sdk-checkbox\\"><input type=\\"checkbox\\"></span><span class=\\"sdk-name\\">href-test</span></li><li>Overlays<ul><li class=\\"sdk-layer\\"><span class=\\"sdk-checkbox\\"><input type=\\"checkbox\\"></span><span class=\\"sdk-name\\">html-test</span></li></ul></li><li>Base Maps<ul><li class=\\"sdk-layer\\"><span class=\\"sdk-checkbox\\"><input type=\\"checkbox\\"></span><span class=\\"sdk-name\\">osm</span></li></ul></li></ul>"`;

exports[`test the exclusive grouping of the LayerList component should handle exclusive groups 1`] = `"<ul class=\\"sdk-layer-list\\"><li>Base Layers<ul><li class=\\"sdk-layer\\"><span class=\\"sdk-checkbox\\"><input type=\\"radio\\" name=\\"baselayers\\"></span><span class=\\"sdk-name\\">esri</span></li><li class=\\"sdk-layer\\"><span class=\\"sdk-checkbox\\"><input type=\\"radio\\" name=\\"baselayers\\"></span><span class=\\"sdk-name\\">carto</span></li><li class=\\"sdk-layer\\"><span class=\\"sdk-checkbox\\"><input type=\\"radio\\" name=\\"baselayers\\"></span><span class=\\"sdk-name\\">osm</span></li></ul></li></ul>"`;
