// Jest Snapshot v1, https://goo.gl/fbAQLP

exports[`Zoom slider tests should allow for custom className 1`] = `"<div class=\\"sdk-slider-control foo\\"><input type=\\"range\\" min=\\"0\\" max=\\"22\\" class=\\"sdk-zoom-slider\\" value=\\"3\\"></div>"`;
